2025-05-15 16:59:05,756 - INFO - 
Planets sorted in ascending order by distance from Sun:
2025-05-15 16:59:05,756 - INFO - Planet: Mercury, Distance: 57.91 million km
2025-05-15 16:59:05,756 - INFO - Planet: Venus, Distance: 108.21 million km
2025-05-15 16:59:05,756 - INFO - Planet: Earth, Distance: 149.60 million km
2025-05-15 16:59:05,756 - INFO - Planet: Mars, Distance: 227.94 million km
2025-05-15 16:59:05,756 - INFO - Planet: Jupiter, Distance: 778.34 million km
2025-05-15 16:59:05,756 - INFO - Planet: Saturn, Distance: 1426.67 million km
2025-05-15 16:59:05,756 - INFO - Planet: Uranus, Distance: 2870.66 million km
2025-05-15 16:59:05,757 - INFO - Planet: Neptune, Distance: 4498.40 million km
2025-05-15 17:06:39,351 - INFO - 
Planets sorted in ascending order by distance from Sun:
2025-05-15 17:06:39,351 - INFO - Planet: Mercury, Distance: 57.91 million km
2025-05-15 17:06:39,352 - INFO - Planet: Venus, Distance: 108.21 million km
2025-05-15 17:06:39,352 - INFO - Planet: Earth, Distance: 149.60 million km
2025-05-15 17:06:39,352 - INFO - Planet: Mars, Distance: 227.94 million km
2025-05-15 17:06:39,352 - INFO - Planet: Jupiter, Distance: 778.34 million km
2025-05-15 17:06:39,352 - INFO - Planet: Saturn, Distance: 1426.67 million km
2025-05-15 17:06:39,352 - INFO - Planet: Uranus, Distance: 2870.66 million km
2025-05-15 17:06:39,352 - INFO - Planet: Neptune, Distance: 4498.40 million km
